4,9: Invalid operand for deref
Type checking failed
