6,7: Invalid assignment operation
Type checking failed