6,14: Invalid equality operation
Type checking failed