10,5: Invalid assignment operand
10,9: Invalid assignment operand
11,12: Bad return value
Type checking failed
