4,12: Logical operator applied to non-bool operand
Type checking failed