2,12: Return with a value in void function
Type checking failed