4,4: Invalid assignment operation
Type checking failed