3,10: Attempt to read a raw pointer
Type checking failed
