6,11: Attempt to write void
Type checking failed
