10,7: Type of actual does not match type of formal
11,7: Type of actual does not match type of formal
Type checking failed