6,5: Function call with wrong number of args
Type checking failed
