4,9: Arithmetic operator applied to non-numeric operand
Type Analysis Error
